x^M»NÃ0†ÚBknå~›ØÊS‘XLDÊÐo–“˜Hl_@Aª”Wb€—à}À±:àáÈßùÏoÿöK+Ó%£ŠG¹­ª]5uÄÆŠi-‚àèÂ	Ìp7m5l\C·VŒrh{%\ÊtÏ`%ƒù#Çœk¤5šÀBâÞ?nv/Ò²H#n+YYd.J¸PŠÖ7ŠJÉ\šžKƒ&°8KcÓ¬¤ZÃRæˆç´G°Œ;MÚ;*¬Äa¾Áªo	•3}ºý%¬ù^nj7¶>;Ã‚<ç¤Û!l~LßakÛƒ¸åmç°“$Éõ¯[¾ÄÝÔ?’–¥x"UE%ìMmúüuöóy8üÆ}§‘Ù?“G¦t!8ìûËO¢ãèlýÏ|